<html>
<body>
<pre>
<h1>礦ision Build Log</h1>
<h2>Tool Versions:</h2>
IDE-Version: μVision V5.14.0.0
Copyright (C) 2015 ARM Ltd and ARM Germany GmbH. All rights reserved.
License Information: CHENWU chenwu126.com@outlook.com, NANCAHNGDAXUE, LIC=BL2Y8-3UC34-666QS-LDNKA-IJFCQ-KU60U
 
Tool Versions:
Toolchain:       MDK-ARM Professional  Version: 5.14.0.0
Toolchain Path:  C:\Keil_v5\ARM\ARMCC\Bin
C Compiler:      Armcc.exe V5.05 update 1 (build 106)
Assembler:       Armasm.exe V5.05 update 1 (build 106)
Linker/Locator:  ArmLink.exe V5.05 update 1 (build 106)
Library Manager: ArmAr.exe V5.05 update 1 (build 106)
Hex Converter:   FromElf.exe V5.05 update 1 (build 106)
CPU DLL:         SARMCM3.DLL V5.14.0.0
Dialog DLL:      DCM.DLL V1.13.1.0
Target DLL:      Segger\JL2CM3.dll V2.99.13.0
Dialog DLL:      TCM.DLL V1.14.4.0
 
<h2>Project:</h2>
D:\chorme download\最新版程序框架\rm_frame\MDK-ARM\rm_frame.uvprojx
Project File Date:  02/05/2021

<h2>Output:</h2>
Build target 'rm_frame'
compiling freertos.c...
compiling stm32f4xx_it.c...
compiling bsp_can.c...
compiling bsp_usart.c...
compiling motor_use_tim.c...
..\Module\Module-moter_driver\motor_use_tim.c(86): warning:  #1-D: last line of file ends without a newline
        //该模块主要完成了snail电机的初始化过程，也即调整最大行程
..\Module\Module-moter_driver\motor_use_tim.c: 1 warning, 0 errors
compiling motor_use_can.c...
compiling remote_control.c...
compiling remote_control_task.c...
linking...
Program Size: Code=24104 RO-data=1692 RW-data=292 ZI-data=20196  
FromELF: creating hex file...
"rm_frame\rm_frame.axf" - 0 Error(s), 1 Warning(s).

<h2>Software Packages used:</h2>

Package Vendor: ARM
                http://www.keil.com/pack/ARM.CMSIS.4.2.0.pack
                ARM::CMSIS:CORE:3.40.0
                CMSIS (Cortex Microcontroller Software Interface Standard)
   * Component: CORE Version: 3.40.0

<h2>Collection of Component include folders:</h2>
  D:\chorme download\最新版程序框架\rm_frame\MDK-ARM\RTE
  C:\Keil_v5\ARM\PACK\ARM\CMSIS\4.2.0\CMSIS\Include
  C:\Keil_v5\ARM\PACK\Keil\STM32F4xx_DFP\2.14.0

<h2>Collection of Component Files used:</h2>

   * Component: ARM::CMSIS:CORE:3.40.0
      Source file:   CMSIS\UserCodeTemplates\ARM\ITM_Retarget.c
</pre>
</body>
</html>
